Archive member included to satisfy reference by file (symbol)

d:/truestudio for stm32 9.1.0/armtools/bin/../lib/gcc/arm-atollic-eabi/6.3.1/../../../../arm-atollic-eabi/lib/armv7e-m/fpu\libc_nano.a(lib_a-errno.o)
                              Src\syscalls.o (__errno)
d:/truestudio for stm32 9.1.0/armtools/bin/../lib/gcc/arm-atollic-eabi/6.3.1/../../../../arm-atollic-eabi/lib/armv7e-m/fpu\libc_nano.a(lib_a-impure.o)
                              d:/truestudio for stm32 9.1.0/armtools/bin/../lib/gcc/arm-atollic-eabi/6.3.1/../../../../arm-atollic-eabi/lib/armv7e-m/fpu\libc_nano.a(lib_a-errno.o) (_impure_ptr)
d:/truestudio for stm32 9.1.0/armtools/bin/../lib/gcc/arm-atollic-eabi/6.3.1/../../../../arm-atollic-eabi/lib/armv7e-m/fpu\libc_nano.a(lib_a-init.o)
                              startup\startup_stm32f407xx.o (__libc_init_array)
d:/truestudio for stm32 9.1.0/armtools/bin/../lib/gcc/arm-atollic-eabi/6.3.1/../../../../arm-atollic-eabi/lib/armv7e-m/fpu\libc_nano.a(lib_a-memcpy-stub.o)
                              Middlewares\Third_Party\FreeRTOS\Source\queue.o (memcpy)
d:/truestudio for stm32 9.1.0/armtools/bin/../lib/gcc/arm-atollic-eabi/6.3.1/../../../../arm-atollic-eabi/lib/armv7e-m/fpu\libc_nano.a(lib_a-memset.o)
                              Middlewares\Third_Party\FreeRTOS\Source\CMSIS_RTOS\cmsis_os.o (memset)
d:/truestudio for stm32 9.1.0/armtools/bin/../lib/gcc/arm-atollic-eabi/6.3.1/armv7e-m/fpu\libgcc.a(_aeabi_uldivmod.o)
                              Drivers\STM32F4xx_HAL_Driver\Src\stm32f4xx_hal_rcc.o (__aeabi_uldivmod)
d:/truestudio for stm32 9.1.0/armtools/bin/../lib/gcc/arm-atollic-eabi/6.3.1/armv7e-m/fpu\libgcc.a(_udivmoddi4.o)
                              d:/truestudio for stm32 9.1.0/armtools/bin/../lib/gcc/arm-atollic-eabi/6.3.1/armv7e-m/fpu\libgcc.a(_aeabi_uldivmod.o) (__udivmoddi4)
d:/truestudio for stm32 9.1.0/armtools/bin/../lib/gcc/arm-atollic-eabi/6.3.1/armv7e-m/fpu\libgcc.a(_dvmd_tls.o)
                              d:/truestudio for stm32 9.1.0/armtools/bin/../lib/gcc/arm-atollic-eabi/6.3.1/armv7e-m/fpu\libgcc.a(_aeabi_uldivmod.o) (__aeabi_ldiv0)

Allocating common symbols
Common symbol       size              file

defaultTaskHandle   0x4               Src\freertos.o
uwTick              0x4               Drivers\STM32F4xx_HAL_Driver\Src\stm32f4xx_hal.o
xQueueRegistry      0x40              Middlewares\Third_Party\FreeRTOS\Source\queue.o
pFlash              0x20              Drivers\STM32F4xx_HAL_Driver\Src\stm32f4xx_hal_flash.o
testBuff            0x10              Src\uartBsp.o
hdma_usart1_tx      0x60              Src\usart.o
hdma_usart1_rx      0x60              Src\usart.o
huart1              0x40              Src\usart.o
uart1RecvLen        0x1               Src\uartBsp.o
uart1RecvBuffG      0x80              Src\uartBsp.o

Discarded input sections

 .text          0x00000000        0x0 d:/truestudio for stm32 9.1.0/armtools/bin/../lib/gcc/arm-atollic-eabi/6.3.1/armv7e-m/fpu/crti.o
 .data          0x00000000        0x0 d:/truestudio for stm32 9.1.0/armtools/bin/../lib/gcc/arm-atollic-eabi/6.3.1/armv7e-m/fpu/crti.o
 .bss           0x00000000        0x0 d:/truestudio for stm32 9.1.0/armtools/bin/../lib/gcc/arm-atollic-eabi/6.3.1/armv7e-m/fpu/crti.o
 .data          0x00000000        0x4 d:/truestudio for stm32 9.1.0/armtools/bin/../lib/gcc/arm-atollic-eabi/6.3.1/armv7e-m/fpu/crtbegin.o
 .text          0x00000000        0x0 Drivers\STM32F4xx_HAL_Driver\Src\stm32f4xx_hal.o
 .data          0x00000000        0x0 Drivers\STM32F4xx_HAL_Driver\Src\stm32f4xx_hal.o
 .bss           0x00000000        0x0 Drivers\STM32F4xx_HAL_Driver\Src\stm32f4xx_hal.o
 .text.HAL_DeInit
                0x00000000       0x58 Drivers\STM32F4xx_HAL_Driver\Src\stm32f4xx_hal.o
 .text.HAL_MspInit
                0x00000000        0xe Drivers\STM32F4xx_HAL_Driver\Src\stm32f4xx_hal.o
 .text.HAL_MspDeInit
                0x00000000        0xe Drivers\STM32F4xx_HAL_Driver\Src\stm32f4xx_hal.o
 .text.HAL_GetTickPrio
                0x00000000       0x18 Drivers\STM32F4xx_HAL_Driver\Src\stm32f4xx_hal.o
 .text.HAL_SetTickFreq
                0x00000000       0x40 Drivers\STM32F4xx_HAL_Driver\Src\stm32f4xx_hal.o
 .text.HAL_GetTickFreq
                0x00000000       0x18 Drivers\STM32F4xx_HAL_Driver\Src\stm32f4xx_hal.o
 .text.HAL_Delay
                0x00000000       0x44 Drivers\STM32F4xx_HAL_Driver\Src\stm32f4xx_hal.o
 .text.HAL_SuspendTick
                0x00000000       0x20 Drivers\STM32F4xx_HAL_Driver\Src\stm32f4xx_hal.o
 .text.HAL_ResumeTick
                0x00000000       0x20 Drivers\STM32F4xx_HAL_Driver\Src\stm32f4xx_hal.o
 .text.HAL_GetHalVersion
                0x00000000       0x14 Drivers\STM32F4xx_HAL_Driver\Src\stm32f4xx_hal.o
 .text.HAL_GetREVID
                0x00000000       0x18 Drivers\STM32F4xx_HAL_Driver\Src\stm32f4xx_hal.o
 .text.HAL_GetDEVID
                0x00000000       0x1c Drivers\STM32F4xx_HAL_Driver\Src\stm32f4xx_hal.o
 .text.HAL_DBGMCU_EnableDBGSleepMode
[...]
Memory Configuration

Name             Origin             Length             Attributes
RAM              0x20000000         0x00020000         xrw
CCMRAM           0x10000000         0x00010000         rw
FLASH            0x08000000         0x00100000         xr
*default*        0x00000000         0xffffffff

Linker script and memory map

LOAD d:/truestudio for stm32 9.1.0/armtools/bin/../lib/gcc/arm-atollic-eabi/6.3.1/armv7e-m/fpu/crti.o
LOAD d:/truestudio for stm32 9.1.0/armtools/bin/../lib/gcc/arm-atollic-eabi/6.3.1/armv7e-m/fpu/crtbegin.o
LOAD Drivers\STM32F4xx_HAL_Driver\Src\stm32f4xx_hal.o
LOAD Drivers\STM32F4xx_HAL_Driver\Src\stm32f4xx_hal_cortex.o
LOAD Drivers\STM32F4xx_HAL_Driver\Src\stm32f4xx_hal_dma.o
LOAD Drivers\STM32F4xx_HAL_Driver\Src\stm32f4xx_hal_dma_ex.o
LOAD Drivers\STM32F4xx_HAL_Driver\Src\stm32f4xx_hal_exti.o
LOAD Drivers\STM32F4xx_HAL_Driver\Src\stm32f4xx_hal_flash.o
LOAD Drivers\STM32F4xx_HAL_Driver\Src\stm32f4xx_hal_flash_ex.o
LOAD Drivers\STM32F4xx_HAL_Driver\Src\stm32f4xx_hal_flash_ramfunc.o
LOAD Drivers\STM32F4xx_HAL_Driver\Src\stm32f4xx_hal_gpio.o
LOAD Drivers\STM32F4xx_HAL_Driver\Src\stm32f4xx_hal_pwr.o
LOAD Drivers\STM32F4xx_HAL_Driver\Src\stm32f4xx_hal_pwr_ex.o
LOAD Drivers\STM32F4xx_HAL_Driver\Src\stm32f4xx_hal_rcc.o
LOAD Drivers\STM32F4xx_HAL_Driver\Src\stm32f4xx_hal_rcc_ex.o
LOAD Drivers\STM32F4xx_HAL_Driver\Src\stm32f4xx_hal_tim.o
LOAD Drivers\STM32F4xx_HAL_Driver\Src\stm32f4xx_hal_tim_ex.o
LOAD Drivers\STM32F4xx_HAL_Driver\Src\stm32f4xx_hal_uart.o
LOAD Middlewares\Third_Party\FreeRTOS\Source\CMSIS_RTOS\cmsis_os.o
LOAD Middlewares\Third_Party\FreeRTOS\Source\croutine.o
LOAD Middlewares\Third_Party\FreeRTOS\Source\event_groups.o
LOAD Middlewares\Third_Party\FreeRTOS\Source\list.o
LOAD Middlewares\Third_Party\FreeRTOS\Source\portable\GCC\ARM_CM4F\port.o
LOAD Middlewares\Third_Party\FreeRTOS\Source\portable\MemMang\heap_4.o
LOAD Middlewares\Third_Party\FreeRTOS\Source\queue.o
LOAD Middlewares\Third_Party\FreeRTOS\Source\stream_buffer.o
LOAD Middlewares\Third_Party\FreeRTOS\Source\tasks.o
LOAD Middlewares\Third_Party\FreeRTOS\Source\timers.o
LOAD Src\dma.o
LOAD Src\freertos.o
LOAD Src\gpio.o
LOAD Src\main.o
LOAD Src\stm32f4xx_hal_msp.o
LOAD Src\stm32f4xx_it.o
LOAD Src\syscalls.o
LOAD Src\system_stm32f4xx.o
LOAD Src\uartBsp.o
LOAD Src\usart.o
LOAD startup\startup_stm32f407xx.o
                0x00000080                malloc_getpagesize_P = 0x80
START GROUP
LOAD d:/truestudio for stm32 9.1.0/armtools/bin/../lib/gcc/arm-atollic-eabi/6.3.1/../../../../arm-atollic-eabi/lib/armv7e-m/fpu\libc_nano.a
LOAD d:/truestudio for stm32 9.1.0/armtools/bin/../lib/gcc/arm-atollic-eabi/6.3.1/../../../../arm-atollic-eabi/lib/armv7e-m/fpu\libm.a
END GROUP
START GROUP
LOAD d:/truestudio for stm32 9.1.0/armtools/bin/../lib/gcc/arm-atollic-eabi/6.3.1/armv7e-m/fpu\libgcc.a
LOAD d:/truestudio for stm32 9.1.0/armtools/bin/../lib/gcc/arm-atollic-eabi/6.3.1/../../../../arm-atollic-eabi/lib/armv7e-m/fpu\libc_nano.a
END GROUP
START GROUP
LOAD d:/truestudio for stm32 9.1.0/armtools/bin/../lib/gcc/arm-atollic-eabi/6.3.1/armv7e-m/fpu\libgcc.a
LOAD d:/truestudio for stm32 9.1.0/armtools/bin/../lib/gcc/arm-atollic-eabi/6.3.1/../../../../arm-atollic-eabi/lib/armv7e-m/fpu\libc_nano.a
LOAD d:/truestudio for stm32 9.1.0/armtools/bin/../lib/gcc/arm-atollic-eabi/6.3.1/../../../../arm-atollic-eabi/lib/armv7e-m/fpu\libnosys.a
END GROUP
START GROUP
LOAD d:/truestudio for stm32 9.1.0/armtools/bin/../lib/gcc/arm-atollic-eabi/6.3.1/armv7e-m/fpu\libgcc.a
LOAD d:/truestudio for stm32 9.1.0/armtools/bin/../lib/gcc/arm-atollic-eabi/6.3.1/../../../../arm-atollic-eabi/lib/armv7e-m/fpu\libc_nano.a
LOAD d:/truestudio for stm32 9.1.0/armtools/bin/../lib/gcc/arm-atollic-eabi/6.3.1/../../../../arm-atollic-eabi/lib/armv7e-m/fpu\libnosys.a
END GROUP
LOAD d:/truestudio for stm32 9.1.0/armtools/bin/../lib/gcc/arm-atollic-eabi/6.3.1/armv7e-m/fpu/crtend.o
LOAD d:/truestudio for stm32 9.1.0/armtools/bin/../lib/gcc/arm-atollic-eabi/6.3.1/armv7e-m/fpu/crtn.o
                0x20020000                _estack = 0x20020000
                0x00000200                _Min_Heap_Size = 0x200
                0x00000400                _Min_Stack_Size = 0x400

.isr_vector     0x08000000      0x188
                0x08000000                . = ALIGN (0x4)
 *(.isr_vector)
 .isr_vector    0x08000000      0x188 startup\startup_stm32f407xx.o
                0x08000000                g_pfnVectors
                0x08000188                . = ALIGN (0x4)

.text           0x08000190     0x4260
                0x08000190                . = ALIGN (0x4)
 *(.text)
 .text          0x08000190       0x40 d:/truestudio for stm32 9.1.0/armtools/bin/../lib/gcc/arm-atollic-eabi/6.3.1/armv7e-m/fpu/crtbegin.o
 .text          0x080001d0       0x30 d:/truestudio for stm32 9.1.0/armtools/bin/../lib/gcc/arm-atollic-eabi/6.3.1/armv7e-m/fpu\libgcc.a(_aeabi_uldivmod.o)
                0x080001d0                __aeabi_uldivmod
 .text          0x08000200      0x2dc d:/truestudio for stm32 9.1.0/armtools/bin/../lib/gcc/arm-atollic-eabi/6.3.1/armv7e-m/fpu\libgcc.a(_udivmoddi4.o)
                0x08000200                __udivmoddi4
 .text          0x080004dc        0x4 d:/truestudio for stm32 9.1.0/armtools/bin/../lib/gcc/arm-atollic-eabi/6.3.1/armv7e-m/fpu\libgcc.a(_dvmd_tls.o)
                0x080004dc                __aeabi_idiv0
                0x080004dc                __aeabi_ldiv0
 *(.text*)
 .text.HAL_Init
                0x080004e0       0x44 Drivers\STM32F4xx_HAL_Driver\Src\stm32f4xx_hal.o
                0x080004e0                HAL_Init
 .text.HAL_InitTick
                0x08000524       0x60 Drivers\STM32F4xx_HAL_Driver\Src\stm32f4xx_hal.o
                0x08000524                HAL_InitTick
 .text.HAL_IncTick
                0x08000584       0x28 Drivers\STM32F4xx_HAL_Driver\Src\stm32f4xx_hal.o
                0x08000584                HAL_IncTick
 .text.HAL_GetTick
                0x080005ac       0x18 Drivers\STM32F4xx_HAL_Driver\Src\stm32f4xx_hal.o
                0x080005ac                HAL_GetTick
 .text.__NVIC_SetPriorityGrouping
                0x080005c4       0x48 Drivers\STM32F4xx_HAL_Driver\Src\stm32f4xx_hal_cortex.o
 .text.__NVIC_GetPriorityGrouping
                0x0800060c       0x1c Drivers\STM32F4xx_HAL_Driver\Src\stm32f4xx_hal_cortex.o
 .text.__NVIC_EnableIRQ
                0x08000628       0x3c Drivers\STM32F4xx_HAL_Driver\Src\stm32f4xx_hal_cortex.o
 .text.__NVIC_SetPriority
                0x08000664       0x54 Drivers\STM32F4xx_HAL_Driver\Src\stm32f4xx_hal_cortex.o
 .text.NVIC_EncodePriority
                0x080006b8       0x62 Drivers\STM32F4xx_HAL_Driver\Src\stm32f4xx_hal_cortex.o
 *fill*         0x0800071a        0x2 
 .text.SysTick_Config
                0x0800071c       0x44 Drivers\STM32F4xx_HAL_Driver\Src\stm32f4xx_hal_cortex.o
 .text.HAL_NVIC_SetPriorityGrouping
                0x08000760       0x16 Drivers\STM32F4xx_HAL_Driver\Src\stm32f4xx_hal_cortex.o
                0x08000760                HAL_NVIC_SetPriorityGrouping
 .text.HAL_NVIC_SetPriority
                0x08000776       0x38 Drivers\STM32F4xx_HAL_Driver\Src\stm32f4xx_hal_cortex.o
                0x08000776                HAL_NVIC_SetPriority
 .text.HAL_NVIC_EnableIRQ
                0x080007ae       0x1c Drivers\STM32F4xx_HAL_Driver\Src\stm32f4xx_hal_cortex.o
                0x080007ae                HAL_NVIC_EnableIRQ
 .text.HAL_SYSTICK_Config
                0x080007ca       0x18 Drivers\STM32F4xx_HAL_Driver\Src\stm32f4xx_hal_cortex.o
                0x080007ca                HAL_SYSTICK_Config
 *fill*         0x080007e2        0x2 
 .text.HAL_DMA_Init
                0x080007e4      0x15c Drivers\STM32F4xx_HAL_Driver\Src\stm32f4xx_hal_dma.o
                0x080007e4                HAL_DMA_Init
 .text.HAL_DMA_Start_IT
                0x08000940       0xc0 Drivers\STM32F4xx_HAL_Driver\Src\stm32f4xx_hal_dma.o
                0x08000940                HAL_DMA_Start_IT
 .text.HAL_DMA_Abort
                0x08000a00       0xe0 Drivers\STM32F4xx_HAL_Driver\Src\stm32f4xx_hal_dma.o
                0x08000a00                HAL_DMA_Abort
 .text.HAL_DMA_Abort_IT
                0x08000ae0       0x44 Drivers\STM32F4xx_HAL_Driver\Src\stm32f4xx_hal_dma.o
                0x08000ae0                HAL_DMA_Abort_IT
 .text.HAL_DMA_IRQHandler
                0x08000b24      0x314 Drivers\STM32F4xx_HAL_Driver\Src\stm32f4xx_hal_dma.o
                0x08000b24                HAL_DMA_IRQHandler
 .text.DMA_SetConfig
                0x08000e38       0x5c Drivers\STM32F4xx_HAL_Driver\Src\stm32f4xx_hal_dma.o
 .text.DMA_CalcBaseAndBitshift
                0x08000e94       0x6c Drivers\STM32F4xx_HAL_Driver\Src\stm32f4xx_hal_dma.o
 .text.DMA_CheckFifoParam
                0x08000f00       0xf4 Drivers\STM32F4xx_HAL_Driver\Src\stm32f4xx_hal_dma.o
 .text.HAL_GPIO_Init
                0x08000ff4      0x334 Drivers\STM32F4xx_HAL_Driver\Src\stm32f4xx_hal_gpio.o
                0x08000ff4                HAL_GPIO_Init
 .text.HAL_RCC_OscConfig
                0x08001328      0x484 Drivers\STM32F4xx_HAL_Driver\Src\stm32f4xx_hal_rcc.o
                0x08001328                HAL_RCC_OscConfig
 .text.HAL_RCC_ClockConfig
                0x080017ac      0x1c4 Drivers\STM32F4xx_HAL_Driver\Src\stm32f4xx_hal_rcc.o
                0x080017ac                HAL_RCC_ClockConfig
 .text.HAL_RCC_GetSysClockFreq
                0x08001970      0x16c Drivers\STM32F4xx_HAL_Driver\Src\stm32f4xx_hal_rcc.o
                0x08001970                HAL_RCC_GetSysClockFreq
 .text.HAL_RCC_GetHCLKFreq
                0x08001adc       0x18 Drivers\STM32F4xx_HAL_Driver\Src\stm32f4xx_hal_rcc.o
                0x08001adc                HAL_RCC_GetHCLKFreq
 .text.HAL_RCC_GetPCLK1Freq
                0x08001af4       0x28 Drivers\STM32F4xx_HAL_Driver\Src\stm32f4xx_hal_rcc.o
                0x08001af4                HAL_RCC_GetPCLK1Freq
 .text.HAL_RCC_GetPCLK2Freq
                0x08001b1c       0x28 Drivers\STM32F4xx_HAL_Driver\Src\stm32f4xx_hal_rcc.o
                0x08001b1c                HAL_RCC_GetPCLK2Freq
 .text.HAL_UART_Init
                0x08001b44       0x9a Drivers\STM32F4xx_HAL_Driver\Src\stm32f4xx_hal_uart.o
                0x08001b44                HAL_UART_Init
 *fill*         0x08001bde        0x2 
 .text.HAL_UART_Transmit_DMA
                0x08001be0       0xd8 Drivers\STM32F4xx_HAL_Driver\Src\stm32f4xx_hal_uart.o
                0x08001be0                HAL_UART_Transmit_DMA
 .text.HAL_UART_Receive_DMA
                0x08001cb8      0x100 Drivers\STM32F4xx_HAL_Driver\Src\stm32f4xx_hal_uart.o
                0x08001cb8                HAL_UART_Receive_DMA
 .text.HAL_UART_DMAStop
                0x08001db8       0xb6 Drivers\STM32F4xx_HAL_Driver\Src\stm32f4xx_hal_uart.o
                0x08001db8                HAL_UART_DMAStop
 *fill*         0x08001e6e        0x2 
 .text.HAL_UART_IRQHandler
                0x08001e70      0x1f8 Drivers\STM32F4xx_HAL_Driver\Src\stm32f4xx_hal_uart.o
                0x08001e70                HAL_UART_IRQHandler
 .text.HAL_UART_TxCpltCallback
                0x08002068       0x14 Drivers\STM32F4xx_HAL_Driver\Src\stm32f4xx_hal_uart.o
                0x08002068                HAL_UART_TxCpltCallback
 .text.HAL_UART_TxHalfCpltCallback
                0x0800207c       0x14 Drivers\STM32F4xx_HAL_Driver\Src\stm32f4xx_hal_uart.o
                0x0800207c                HAL_UART_TxHalfCpltCallback
 .text.HAL_UART_RxHalfCpltCallback
                0x08002090       0x14 Drivers\STM32F4xx_HAL_Driver\Src\stm32f4xx_hal_uart.o
                0x08002090                HAL_UART_RxHalfCpltCallback
 .text.HAL_UART_ErrorCallback
                0x080020a4       0x14 Drivers\STM32F4xx_HAL_Driver\Src\stm32f4xx_hal_uart.o
                0x080020a4                HAL_UART_ErrorCallback
 .text.UART_DMATransmitCplt
                0x080020b8       0x52 Drivers\STM32F4xx_HAL_Driver\Src\stm32f4xx_hal_uart.o
 .text.UART_DMATxHalfCplt
                0x0800210a       0x1c Drivers\STM32F4xx_HAL_Driver\Src\stm32f4xx_hal_uart.o
 .text.UART_DMAReceiveCplt
                0x08002126       0x68 Drivers\STM32F4xx_HAL_Driver\Src\stm32f4xx_hal_uart.o
 .text.UART_DMARxHalfCplt
                0x0800218e       0x1c Drivers\STM32F4xx_HAL_Driver\Src\stm32f4xx_hal_uart.o
 .text.UART_DMAError
                0x080021aa       0x94 Drivers\STM32F4xx_HAL_Driver\Src\stm32f4xx_hal_uart.o
 .text.UART_EndTxTransfer
                0x0800223e       0x2c Drivers\STM32F4xx_HAL_Driver\Src\stm32f4xx_hal_uart.o
 .text.UART_EndRxTransfer
                0x0800226a       0x3c Drivers\STM32F4xx_HAL_Driver\Src\stm32f4xx_hal_uart.o
 .text.UART_DMAAbortOnError
                0x080022a6       0x28 Drivers\STM32F4xx_HAL_Driver\Src\stm32f4xx_hal_uart.o
 .text.UART_Transmit_IT
                0x080022ce       0xaa Drivers\STM32F4xx_HAL_Driver\Src\stm32f4xx_hal_uart.o
 .text.UART_EndTransmit_IT
                0x08002378       0x30 Drivers\STM32F4xx_HAL_Driver\Src\stm32f4xx_hal_uart.o
 .text.UART_Receive_IT
                0x080023a8      0x102 Drivers\STM32F4xx_HAL_Driver\Src\stm32f4xx_hal_uart.o
 *fill*         0x080024aa        0x2 
 .text.UART_SetConfig
                0x080024ac      0x414 Drivers\STM32F4xx_HAL_Driver\Src\stm32f4xx_hal_uart.o
 .text.makeFreeRtosPriority
                0x080028c0       0x30 Middlewares\Third_Party\FreeRTOS\Source\CMSIS_RTOS\cmsis_os.o
 .text.osKernelStart
                0x080028f0        0xe Middlewares\Third_Party\FreeRTOS\Source\CMSIS_RTOS\cmsis_os.o
                0x080028f0                osKernelStart
 .text.osThreadCreate
                0x080028fe       0x4e Middlewares\Third_Party\FreeRTOS\Source\CMSIS_RTOS\cmsis_os.o
                0x080028fe                osThreadCreate
 .text.osDelay  0x0800294c       0x28 Middlewares\Third_Party\FreeRTOS\Source\CMSIS_RTOS\cmsis_os.o
                0x0800294c                osDelay
 .text.osSystickHandler
                0x08002974       0x16 Middlewares\Third_Party\FreeRTOS\Source\CMSIS_RTOS\cmsis_os.o
                0x08002974                osSystickHandler
 .text.vListInitialise
                0x0800298a       0x40 Middlewares\Third_Party\FreeRTOS\Source\list.o
                0x0800298a                vListInitialise
 .text.vListInitialiseItem
                0x080029ca       0x1a Middlewares\Third_Party\FreeRTOS\Source\list.o
                0x080029ca                vListInitialiseItem
 .text.vListInsertEnd
                0x080029e4       0x48 Middlewares\Third_Party\FreeRTOS\Source\list.o
                0x080029e4                vListInsertEnd
 .text.vListInsert
                0x08002a2c       0x72 Middlewares\Third_Party\FreeRTOS\Source\list.o
                0x08002a2c                vListInsert
 .text.uxListRemove
                0x08002a9e       0x54 Middlewares\Third_Party\FreeRTOS\Source\list.o
                0x08002a9e                uxListRemove
 *fill*         0x08002af2        0x2 
 .text.pxPortInitialiseStack
                0x08002af4       0x68 Middlewares\Third_Party\FreeRTOS\Source\portable\GCC\ARM_CM4F\port.o
                0x08002af4                pxPortInitialiseStack
 .text.prvTaskExitError
                0x08002b5c       0x54 Middlewares\Third_Party\FreeRTOS\Source\portable\GCC\ARM_CM4F\port.o
 .text.SVC_Handler
                0x08002bb0       0x28 Middlewares\Third_Party\FreeRTOS\Source\portable\GCC\ARM_CM4F\port.o
                0x08002bb0                SVC_Handler
 .text.prvPortStartFirstTask
                0x08002bd8       0x28 Middlewares\Third_Party\FreeRTOS\Source\portable\GCC\ARM_CM4F\port.o
 .text.xPortStartScheduler
                0x08002c00      0x13c Middlewares\Third_Party\FreeRTOS\Source\portable\GCC\ARM_CM4F\port.o
                0x08002c00                xPortStartScheduler
 .text.vPortEnterCritical
                0x08002d3c       0x5c Middlewares\Third_Party\FreeRTOS\Source\portable\GCC\ARM_CM4F\port.o
                0x08002d3c                vPortEnterCritical
 .text.vPortExitCritical
                0x08002d98       0x50 Middlewares\Third_Party\FreeRTOS\Source\portable\GCC\ARM_CM4F\port.o
                0x08002d98                vPortExitCritical
 *fill*         0x08002de8        0x8 
 .text.PendSV_Handler
                0x08002df0       0x68 Middlewares\Third_Party\FreeRTOS\Source\portable\GCC\ARM_CM4F\port.o
                0x08002df0                PendSV_Handler
 .text.xPortSysTickHandler
                0x08002e58       0x40 Middlewares\Third_Party\FreeRTOS\Source\portable\GCC\ARM_CM4F\port.o
                0x08002e58                xPortSysTickHandler
 .text.vPortSetupTimerInterrupt
                0x08002e98       0x48 Middlewares\Third_Party\FreeRTOS\Source\portable\GCC\ARM_CM4F\port.o
                0x08002e98                vPortSetupTimerInterrupt
 .text.vPortEnableVFP
                0x08002ee0       0x14 Middlewares\Third_Party\FreeRTOS\Source\portable\GCC\ARM_CM4F\port.o
 .text.pvPortMalloc
                0x08002ef4      0x184 Middlewares\Third_Party\FreeRTOS\Source\portable\MemMang\heap_4.o
                0x08002ef4                pvPortMalloc
 .text.vPortFree
                0x08003078       0xb0 Middlewares\Third_Party\FreeRTOS\Source\portable\MemMang\heap_4.o
                0x08003078                vPortFree
 .text.prvHeapInit
                0x08003128       0xc4 Middlewares\Third_Party\FreeRTOS\Source\portable\MemMang\heap_4.o
 .text.prvInsertBlockIntoFreeList
                0x080031ec       0xb4 Middlewares\Third_Party\FreeRTOS\Source\portable\MemMang\heap_4.o
 .text.xTaskCreate
                0x080032a0       0x82 Middlewares\Third_Party\FreeRTOS\Source\tasks.o
                0x080032a0                xTaskCreate
 .text.prvInitialiseNewTask
                0x08003322       0xfc Middlewares\Third_Party\FreeRTOS\Source\tasks.o
 *fill*         0x0800341e        0x2 
 .text.prvAddNewTaskToReadyList
                0x08003420       0xd4 Middlewares\Third_Party\FreeRTOS\Source\tasks.o
 .text.vTaskDelay
                0x080034f4       0x68 Middlewares\Third_Party\FreeRTOS\Source\tasks.o
                0x080034f4                vTaskDelay
 .text.vTaskStartScheduler
                0x0800355c       0x8c Middlewares\Third_Party\FreeRTOS\Source\tasks.o
                0x0800355c                vTaskStartScheduler
 .text.vTaskSuspendAll
                0x080035e8       0x1c Middlewares\Third_Party\FreeRTOS\Source\tasks.o
                0x080035e8                vTaskSuspendAll
 .text.xTaskResumeAll
                0x08003604      0x138 Middlewares\Third_Party\FreeRTOS\Source\tasks.o
                0x08003604                xTaskResumeAll
 .text.xTaskIncrementTick
                0x0800373c      0x178 Middlewares\Third_Party\FreeRTOS\Source\tasks.o
                0x0800373c                xTaskIncrementTick
 .text.vTaskSwitchContext
                0x080038b4       0xb4 Middlewares\Third_Party\FreeRTOS\Source\tasks.o
                0x080038b4                vTaskSwitchContext
 .text.prvIdleTask
                0x08003968       0x30 Middlewares\Third_Party\FreeRTOS\Source\tasks.o
 .text.prvInitialiseTaskLists
                0x08003998       0x80 Middlewares\Third_Party\FreeRTOS\Source\tasks.o
 .text.prvCheckTasksWaitingTermination
                0x08003a18       0x58 Middlewares\Third_Party\FreeRTOS\Source\tasks.o
 .text.prvDeleteTCB
                0x08003a70       0x20 Middlewares\Third_Party\FreeRTOS\Source\tasks.o
 .text.prvResetNextTaskUnblockTime
                0x08003a90       0x4c Middlewares\Third_Party\FreeRTOS\Source\tasks.o
 .text.xTaskGetSchedulerState
                0x08003adc       0x3c Middlewares\Third_Party\FreeRTOS\Source\tasks.o
                0x08003adc                xTaskGetSchedulerState
 .text.prvAddCurrentTaskToDelayedList
                0x08003b18       0xcc Middlewares\Third_Party\FreeRTOS\Source\tasks.o
 .text.MX_DMA_Init
                0x08003be4       0x50 Src\dma.o
                0x08003be4                MX_DMA_Init
 .text.MX_FREERTOS_Init
                0x08003c34       0x34 Src\freertos.o
                0x08003c34                MX_FREERTOS_Init
 .text.StartDefaultTask
                0x08003c68       0x28 Src\freertos.o
                0x08003c68                StartDefaultTask
 .text.MX_GPIO_Init
                0x08003c90       0x34 Src\gpio.o
                0x08003c90                MX_GPIO_Init
 .text.main     0x08003cc4       0x22 Src\main.o
                0x08003cc4                main
 *fill*         0x08003ce6        0x2 
 .text.SystemClock_Config
                0x08003ce8       0xbc Src\main.o
                0x08003ce8                SystemClock_Config
 .text.Error_Handler
                0x08003da4        0xe Src\main.o
                0x08003da4                Error_Handler
 *fill*         0x08003db2        0x2 
 .text.HAL_MspInit
                0x08003db4       0x58 Src\stm32f4xx_hal_msp.o
                0x08003db4                HAL_MspInit
 .text.NMI_Handler
                0x08003e0c        0xe Src\stm32f4xx_it.o
                0x08003e0c                NMI_Handler
 .text.HardFault_Handler
                0x08003e1a        0x6 Src\stm32f4xx_it.o
                0x08003e1a                HardFault_Handler
 .text.MemManage_Handler
                0x08003e20        0x6 Src\stm32f4xx_it.o
                0x08003e20                MemManage_Handler
 .text.BusFault_Handler
                0x08003e26        0x6 Src\stm32f4xx_it.o
                0x08003e26                BusFault_Handler
 .text.UsageFault_Handler
                0x08003e2c        0x6 Src\stm32f4xx_it.o
                0x08003e2c                UsageFault_Handler
 .text.DebugMon_Handler
                0x08003e32        0xe Src\stm32f4xx_it.o
                0x08003e32                DebugMon_Handler
 .text.SysTick_Handler
                0x08003e40       0x10 Src\stm32f4xx_it.o
                0x08003e40                SysTick_Handler
 .text.USART1_IRQHandler
                0x08003e50       0x28 Src\stm32f4xx_it.o
                0x08003e50                USART1_IRQHandler
 .text.DMA2_Stream2_IRQHandler
                0x08003e78       0x14 Src\stm32f4xx_it.o
                0x08003e78                DMA2_Stream2_IRQHandler
 .text.DMA2_Stream7_IRQHandler
                0x08003e8c       0x14 Src\stm32f4xx_it.o
                0x08003e8c                DMA2_Stream7_IRQHandler
 .text.SystemInit
                0x08003ea0       0x6c Src\system_stm32f4xx.o
                0x08003ea0                SystemInit
 .text.ucFindOneFrame
                0x08003f0c      0x17a Src\uartBsp.o
                0x08003f0c                ucFindOneFrame
 *fill*         0x08004086        0x2 
 .text.HAL_UART_RxCpltCallback
                0x08004088       0x2c Src\uartBsp.o
                0x08004088                HAL_UART_RxCpltCallback
 .text.vUartRecvIDLE_CallBack
                0x080040b4       0x98 Src\uartBsp.o
                0x080040b4                vUartRecvIDLE_CallBack
 .text.vUartBspInit
                0x0800414c       0x2c Src\uartBsp.o
                0x0800414c                vUartBspInit
 .text.MX_USART1_UART_Init
                0x08004178       0x54 Src\usart.o
                0x08004178                MX_USART1_UART_Init
 .text.HAL_UART_MspInit
                0x080041cc      0x160 Src\usart.o
                0x080041cc                HAL_UART_MspInit
 .text.Reset_Handler
                0x0800432c       0x50 startup\startup_stm32f407xx.o
                0x0800432c                Reset_Handler
 .text.Default_Handler
                0x0800437c        0x2 startup\startup_stm32f407xx.o
                0x0800437c                RTC_Alarm_IRQHandler
                0x0800437c                HASH_RNG_IRQHandler
                0x0800437c                EXTI2_IRQHandler
                0x0800437c                TIM8_CC_IRQHandler
                0x0800437c                TIM1_CC_IRQHandler
                0x0800437c                DMA2_Stream5_IRQHandler
                0x0800437c                DMA1_Stream5_IRQHandler
                0x0800437c                PVD_IRQHandler
                0x0800437c                SDIO_IRQHandler
                0x0800437c                TAMP_STAMP_IRQHandler
                0x0800437c                CAN2_RX1_IRQHandler
                0x0800437c                EXTI3_IRQHandler
                0x0800437c                TIM8_TRG_COM_TIM14_IRQHandler
                0x0800437c                TIM1_UP_TIM10_IRQHandler
                0x0800437c                TIM8_UP_TIM13_IRQHandler
                0x0800437c                I2C3_ER_IRQHandler
                0x0800437c                EXTI0_IRQHandler
                0x0800437c                I2C2_EV_IRQHandler
                0x0800437c                DMA1_Stream2_IRQHandler
                0x0800437c                CAN1_RX0_IRQHandler
                0x0800437c                FPU_IRQHandler
                0x0800437c                OTG_HS_WKUP_IRQHandler
                0x0800437c                CAN2_SCE_IRQHandler
                0x0800437c                SPI1_IRQHandler
                0x0800437c                TIM6_DAC_IRQHandler
                0x0800437c                TIM1_BRK_TIM9_IRQHandler
                0x0800437c                DCMI_IRQHandler
                0x0800437c                CAN2_RX0_IRQHandler
                0x0800437c                DMA2_Stream3_IRQHandler
                0x0800437c                USART6_IRQHandler
                0x0800437c                USART3_IRQHandler
                0x0800437c                CAN1_RX1_IRQHandler
                0x0800437c                UART5_IRQHandler
                0x0800437c                DMA2_Stream0_IRQHandler
                0x0800437c                TIM4_IRQHandler
                0x0800437c                I2C1_EV_IRQHandler
                0x0800437c                DMA1_Stream6_IRQHandler
                0x0800437c                DMA1_Stream1_IRQHandler
                0x0800437c                UART4_IRQHandler
                0x0800437c                TIM3_IRQHandler
                0x0800437c                RCC_IRQHandler
                0x0800437c                TIM8_BRK_TIM12_IRQHandler
                0x0800437c                Default_Handler
                0x0800437c                EXTI15_10_IRQHandler
                0x0800437c                ADC_IRQHandler
                0x0800437c                DMA1_Stream7_IRQHandler
                0x0800437c                TIM7_IRQHandler
                0x0800437c                CAN2_TX_IRQHandler
                0x0800437c                TIM5_IRQHandler
                0x0800437c                I2C3_EV_IRQHandler
                0x0800437c                EXTI9_5_IRQHandler
                0x0800437c                RTC_WKUP_IRQHandler
                0x0800437c                ETH_WKUP_IRQHandler
                0x0800437c                SPI2_IRQHandler
                0x0800437c                OTG_HS_EP1_IN_IRQHandler
                0x0800437c                DMA1_Stream0_IRQHandler
                0x0800437c                CAN1_TX_IRQHandler
                0x0800437c                EXTI4_IRQHandler
                0x0800437c                FSMC_IRQHandler
                0x0800437c                ETH_IRQHandler
                0x0800437c                OTG_HS_EP1_OUT_IRQHandler
                0x0800437c                WWDG_IRQHandler
                0x0800437c                TIM2_IRQHandler
                0x0800437c                OTG_FS_WKUP_IRQHandler
                0x0800437c                TIM1_TRG_COM_TIM11_IRQHandler
                0x0800437c                OTG_HS_IRQHandler
                0x0800437c                EXTI1_IRQHandler
                0x0800437c                USART2_IRQHandler
                0x0800437c                I2C2_ER_IRQHandler
                0x0800437c                DMA2_Stream1_IRQHandler
                0x0800437c                CAN1_SCE_IRQHandler
                0x0800437c                FLASH_IRQHandler
                0x0800437c                DMA2_Stream4_IRQHandler
                0x0800437c                OTG_FS_IRQHandler
                0x0800437c                SPI3_IRQHandler
                0x0800437c                DMA1_Stream4_IRQHandler
                0x0800437c                I2C1_ER_IRQHandler
                0x0800437c                DMA2_Stream6_IRQHandler
                0x0800437c                DMA1_Stream3_IRQHandler
 *fill*         0x0800437e        0x2 
 .text.__libc_init_array
                0x08004380       0x48 d:/truestudio for stm32 9.1.0/armtools/bin/../lib/gcc/arm-atollic-eabi/6.3.1/../../../../arm-atollic-eabi/lib/armv7e-m/fpu\libc_nano.a(lib_a-init.o)
                0x08004380                __libc_init_array
 .text.memset   0x080043c8       0x10 d:/truestudio for stm32 9.1.0/armtools/bin/../lib/gcc/arm-atollic-eabi/6.3.1/../../../../arm-atollic-eabi/lib/armv7e-m/fpu\libc_nano.a(lib_a-memset.o)
                0x080043c8                memset
 *(.glue_7)
 .glue_7        0x080043d8        0x0 linker stubs
 *(.glue_7t)
 .glue_7t       0x080043d8        0x0 linker stubs
 *(.eh_frame)
 .eh_frame      0x080043d8        0x0 d:/truestudio for stm32 9.1.0/armtools/bin/../lib/gcc/arm-atollic-eabi/6.3.1/armv7e-m/fpu/crtbegin.o
 *(.init)
 .init          0x080043d8        0x4 d:/truestudio for stm32 9.1.0/armtools/bin/../lib/gcc/arm-atollic-eabi/6.3.1/armv7e-m/fpu/crti.o
                0x080043d8                _init
 .init          0x080043dc        0x8 d:/truestudio for stm32 9.1.0/armtools/bin/../lib/gcc/arm-atollic-eabi/6.3.1/armv7e-m/fpu/crtn.o
 *(.fini)
 .fini          0x080043e4        0x4 d:/truestudio for stm32 9.1.0/armtools/bin/../lib/gcc/arm-atollic-eabi/6.3.1/armv7e-m/fpu/crti.o
                0x080043e4                _fini
 .fini          0x080043e8        0x8 d:/truestudio for stm32 9.1.0/armtools/bin/../lib/gcc/arm-atollic-eabi/6.3.1/armv7e-m/fpu/crtn.o
                0x080043f0                . = ALIGN (0x4)
                0x080043f0                _etext = .

.vfp11_veneer   0x080043f0        0x0
 .vfp11_veneer  0x080043f0        0x0 linker stubs

.v4_bx          0x080043f0        0x0
 .v4_bx         0x080043f0        0x0 linker stubs

.iplt           0x080043f0        0x0
 .iplt          0x080043f0        0x0 d:/truestudio for stm32 9.1.0/armtools/bin/../lib/gcc/arm-atollic-eabi/6.3.1/armv7e-m/fpu/crtbegin.o

.rodata         0x080043f0       0x48
                0x080043f0                . = ALIGN (0x4)
 *(.rodata)
 .rodata        0x080043f0        0x5 Middlewares\Third_Party\FreeRTOS\Source\tasks.o
 *fill*         0x080043f5        0x3 
 .rodata        0x080043f8       0x20 Src\freertos.o
 *(.rodata*)
 .rodata.flagBitshiftOffset.7488
                0x08004418        0x8 Drivers\STM32F4xx_HAL_Driver\Src\stm32f4xx_hal_dma.o
 .rodata.AHBPrescTable
                0x08004420       0x10 Src\system_stm32f4xx.o
                0x08004420                AHBPrescTable
 .rodata.APBPrescTable
                0x08004430        0x8 Src\system_stm32f4xx.o
                0x08004430                APBPrescTable
                0x08004438                . = ALIGN (0x4)

.ARM.extab
 *(.ARM.extab* .gnu.linkonce.armextab.*)

.ARM            0x08004438        0x8
                0x08004438                __exidx_start = .
 *(.ARM.exidx*)
 .ARM.exidx     0x08004438        0x8 d:/truestudio for stm32 9.1.0/armtools/bin/../lib/gcc/arm-atollic-eabi/6.3.1/armv7e-m/fpu\libgcc.a(_udivmoddi4.o)
                0x08004440                __exidx_end = .

.rel.dyn        0x08004440        0x0
 .rel.iplt      0x08004440        0x0 d:/truestudio for stm32 9.1.0/armtools/bin/../lib/gcc/arm-atollic-eabi/6.3.1/armv7e-m/fpu/crtbegin.o

.preinit_array  0x08004440        0x0
                0x08004440                PROVIDE (__preinit_array_start, .)
 *(.preinit_array*)
                0x08004440                PROVIDE (__preinit_array_end, .)

.init_array     0x08004440        0x4
                0x08004440                PROVIDE (__init_array_start, .)
 *(SORT(.init_array.*))
 *(.init_array*)
 .init_array    0x08004440        0x4 d:/truestudio for stm32 9.1.0/armtools/bin/../lib/gcc/arm-atollic-eabi/6.3.1/armv7e-m/fpu/crtbegin.o
                0x08004444                PROVIDE (__init_array_end, .)

.fini_array     0x08004444        0x4
                [!provide]                PROVIDE (__fini_array_start, .)
 *(SORT(.fini_array.*))
 *(.fini_array*)
 .fini_array    0x08004444        0x4 d:/truestudio for stm32 9.1.0/armtools/bin/../lib/gcc/arm-atollic-eabi/6.3.1/armv7e-m/fpu/crtbegin.o
                [!provide]                PROVIDE (__fini_array_end, .)
                0x08004448                _sidata = LOADADDR (.data)

.data           0x20000000       0x30 load address 0x08004448
                0x20000000                . = ALIGN (0x4)
                0x20000000                _sdata = .
 *(.data)
 *(.data*)
 .data.uwTickPrio
                0x20000000        0x4 Drivers\STM32F4xx_HAL_Driver\Src\stm32f4xx_hal.o
                0x20000000                uwTickPrio
 .data.uwTickFreq
                0x20000004        0x1 Drivers\STM32F4xx_HAL_Driver\Src\stm32f4xx_hal.o
                0x20000004                uwTickFreq
 *fill*         0x20000005        0x3 
 .data.uxCriticalNesting
                0x20000008        0x4 Middlewares\Third_Party\FreeRTOS\Source\portable\GCC\ARM_CM4F\port.o
 .data.test1    0x2000000c       0x14 Src\freertos.o
                0x2000000c                test1
 .data.SystemCoreClock
                0x20000020        0x4 Src\system_stm32f4xx.o
                0x20000020                SystemCoreClock
 .data.findFrame
                0x20000024        0xc Src\uartBsp.o
                0x20000024                findFrame
                0x20000030                . = ALIGN (0x4)
                0x20000030                _edata = .
                0x08004478                _siccmram = LOADADDR (.ccmram)

.igot.plt       0x20000030        0x0 load address 0x08004478
 .igot.plt      0x20000030        0x0 d:/truestudio for stm32 9.1.0/armtools/bin/../lib/gcc/arm-atollic-eabi/6.3.1/armv7e-m/fpu/crtbegin.o

.ccmram         0x10000000        0x0 load address 0x08004478
                0x10000000                . = ALIGN (0x4)
                0x10000000                _sccmram = .
 *(.ccmram)
 *(.ccmram*)
                0x10000000                . = ALIGN (0x4)
                0x10000000                _eccmram = .
                0x10000000                . = ALIGN (0x4)

.bss            0x20000030     0x3f04
                0x20000030                _sbss = .
                0x20000030                __bss_start__ = _sbss
 *(.bss)
 .bss           0x20000030       0x1c d:/truestudio for stm32 9.1.0/armtools/bin/../lib/gcc/arm-atollic-eabi/6.3.1/armv7e-m/fpu/crtbegin.o
 *(.bss*)
 .bss.ucMaxSysCallPriority
                0x2000004c        0x1 Middlewares\Third_Party\FreeRTOS\Source\portable\GCC\ARM_CM4F\port.o
 *fill*         0x2000004d        0x3 
 .bss.ulMaxPRIGROUPValue
                0x20000050        0x4 Middlewares\Third_Party\FreeRTOS\Source\portable\GCC\ARM_CM4F\port.o
 .bss.ucHeap    0x20000054     0x3c00 Middlewares\Third_Party\FreeRTOS\Source\portable\MemMang\heap_4.o
 .bss.xStart    0x20003c54        0x8 Middlewares\Third_Party\FreeRTOS\Source\portable\MemMang\heap_4.o
 .bss.pxEnd     0x20003c5c        0x4 Middlewares\Third_Party\FreeRTOS\Source\portable\MemMang\heap_4.o
 .bss.xFreeBytesRemaining
                0x20003c60        0x4 Middlewares\Third_Party\FreeRTOS\Source\portable\MemMang\heap_4.o
 .bss.xMinimumEverFreeBytesRemaining
                0x20003c64        0x4 Middlewares\Third_Party\FreeRTOS\Source\portable\MemMang\heap_4.o
 .bss.xBlockAllocatedBit
                0x20003c68        0x4 Middlewares\Third_Party\FreeRTOS\Source\portable\MemMang\heap_4.o
 .bss.pxCurrentTCB
                0x20003c6c        0x4 Middlewares\Third_Party\FreeRTOS\Source\tasks.o
                0x20003c6c                pxCurrentTCB
 .bss.pxReadyTasksLists
                0x20003c70       0x8c Middlewares\Third_Party\FreeRTOS\Source\tasks.o
 .bss.xDelayedTaskList1
                0x20003cfc       0x14 Middlewares\Third_Party\FreeRTOS\Source\tasks.o
 .bss.xDelayedTaskList2
                0x20003d10       0x14 Middlewares\Third_Party\FreeRTOS\Source\tasks.o
 .bss.pxDelayedTaskList
                0x20003d24        0x4 Middlewares\Third_Party\FreeRTOS\Source\tasks.o
 .bss.pxOverflowDelayedTaskList
                0x20003d28        0x4 Middlewares\Third_Party\FreeRTOS\Source\tasks.o
 .bss.xPendingReadyList
                0x20003d2c       0x14 Middlewares\Third_Party\FreeRTOS\Source\tasks.o
 .bss.xTasksWaitingTermination
                0x20003d40       0x14 Middlewares\Third_Party\FreeRTOS\Source\tasks.o
 .bss.uxDeletedTasksWaitingCleanUp
                0x20003d54        0x4 Middlewares\Third_Party\FreeRTOS\Source\tasks.o
 .bss.xSuspendedTaskList
                0x20003d58       0x14 Middlewares\Third_Party\FreeRTOS\Source\tasks.o
 .bss.uxCurrentNumberOfTasks
                0x20003d6c        0x4 Middlewares\Third_Party\FreeRTOS\Source\tasks.o
 .bss.xTickCount
                0x20003d70        0x4 Middlewares\Third_Party\FreeRTOS\Source\tasks.o
 .bss.uxTopReadyPriority
                0x20003d74        0x4 Middlewares\Third_Party\FreeRTOS\Source\tasks.o
 .bss.xSchedulerRunning
                0x20003d78        0x4 Middlewares\Third_Party\FreeRTOS\Source\tasks.o
 .bss.uxPendedTicks
                0x20003d7c        0x4 Middlewares\Third_Party\FreeRTOS\Source\tasks.o
 .bss.xYieldPending
                0x20003d80        0x4 Middlewares\Third_Party\FreeRTOS\Source\tasks.o
 .bss.xNumOfOverflows
                0x20003d84        0x4 Middlewares\Third_Party\FreeRTOS\Source\tasks.o
 .bss.uxTaskNumber
                0x20003d88        0x4 Middlewares\Third_Party\FreeRTOS\Source\tasks.o
 .bss.xNextTaskUnblockTime
                0x20003d8c        0x4 Middlewares\Third_Party\FreeRTOS\Source\tasks.o
 .bss.xIdleTaskHandle
                0x20003d90        0x4 Middlewares\Third_Party\FreeRTOS\Source\tasks.o
 .bss.uxSchedulerSuspended
                0x20003d94        0x4 Middlewares\Third_Party\FreeRTOS\Source\tasks.o
 *(COMMON)
 COMMON         0x20003d98        0x4 Drivers\STM32F4xx_HAL_Driver\Src\stm32f4xx_hal.o
                0x20003d98                uwTick
 COMMON         0x20003d9c        0x4 Src\freertos.o
                0x20003d9c                defaultTaskHandle
 COMMON         0x20003da0       0x94 Src\uartBsp.o
                0x20003da0                testBuff
                0x20003db0                uart1RecvLen
                0x20003db4                uart1RecvBuffG
 COMMON         0x20003e34      0x100 Src\usart.o
                0x20003e34                hdma_usart1_tx
                0x20003e94                hdma_usart1_rx
                0x20003ef4                huart1
                0x20003f34                . = ALIGN (0x4)
                0x20003f34                _ebss = .
                0x20003f34                __bss_end__ = _ebss

._user_heap_stack
                0x20003f34      0x600
                0x20003f34                . = ALIGN (0x4)
                0x20003f34                PROVIDE (end, .)
                [!provide]                PROVIDE (_end, .)
                0x20004134                . = (. + _Min_Heap_Size)
 *fill*         0x20003f34      0x200 
                0x20004534                . = (. + _Min_Stack_Size)
 *fill*         0x20004134      0x400 
                0x20004534                . = ALIGN (0x4)

/DISCARD/
 libc.a(*)
 libm.a(*)
 libgcc.a(*)

.ARM.attributes
                0x00000000       0x30
 *(.ARM.attributes)
 .ARM.attributes
                0x00000000       0x22 d:/truestudio for stm32 9.1.0/armtools/bin/../lib/gcc/arm-atollic-eabi/6.3.1/armv7e-m/fpu/crti.o
 .ARM.attributes
                0x00000022       0x34 d:/truestudio for stm32 9.1.0/armtools/bin/../lib/gcc/arm-atollic-eabi/6.3.1/armv7e-m/fpu/crtbegin.o
 .ARM.attributes
                0x00000056       0x39 Drivers\STM32F4xx_HAL_Driver\Src\stm32f4xx_hal.o
 .ARM.attributes
                0x0000008f       0x39 Drivers\STM32F4xx_HAL_Driver\Src\stm32f4xx_hal_cortex.o
 .ARM.attributes
                0x000000c8       0x39 Drivers\STM32F4xx_HAL_Driver\Src\stm32f4xx_hal_dma.o
 .ARM.attributes
                0x00000101       0x39 Drivers\STM32F4xx_HAL_Driver\Src\stm32f4xx_hal_gpio.o
 .ARM.attributes
                0x0000013a       0x39 Drivers\STM32F4xx_HAL_Driver\Src\stm32f4xx_hal_rcc.o
 .ARM.attributes
                0x00000173       0x39 Drivers\STM32F4xx_HAL_Driver\Src\stm32f4xx_hal_uart.o
 .ARM.attributes
                0x000001ac       0x39 Middlewares\Third_Party\FreeRTOS\Source\CMSIS_RTOS\cmsis_os.o
 .ARM.attributes
                0x000001e5       0x39 Middlewares\Third_Party\FreeRTOS\Source\list.o
 .ARM.attributes
                0x0000021e       0x39 Middlewares\Third_Party\FreeRTOS\Source\portable\GCC\ARM_CM4F\port.o
 .ARM.attributes
                0x00000257       0x39 Middlewares\Third_Party\FreeRTOS\Source\portable\MemMang\heap_4.o
 .ARM.attributes
                0x00000290       0x39 Middlewares\Third_Party\FreeRTOS\Source\tasks.o
 .ARM.attributes
                0x000002c9       0x39 Src\dma.o
 .ARM.attributes
                0x00000302       0x39 Src\freertos.o
 .ARM.attributes
                0x0000033b       0x39 Src\gpio.o
 .ARM.attributes
                0x00000374       0x39 Src\main.o
 .ARM.attributes
                0x000003ad       0x39 Src\stm32f4xx_hal_msp.o
 .ARM.attributes
                0x000003e6       0x39 Src\stm32f4xx_it.o
 .ARM.attributes
                0x0000041f       0x39 Src\system_stm32f4xx.o
 .ARM.attributes
                0x00000458       0x39 Src\uartBsp.o
 .ARM.attributes
                0x00000491       0x39 Src\usart.o
 .ARM.attributes
                0x000004ca       0x21 startup\startup_stm32f407xx.o
 .ARM.attributes
                0x000004eb       0x34 d:/truestudio for stm32 9.1.0/armtools/bin/../lib/gcc/arm-atollic-eabi/6.3.1/../../../../arm-atollic-eabi/lib/armv7e-m/fpu\libc_nano.a(lib_a-init.o)
 .ARM.attributes
                0x0000051f       0x34 d:/truestudio for stm32 9.1.0/armtools/bin/../lib/gcc/arm-atollic-eabi/6.3.1/../../../../arm-atollic-eabi/lib/armv7e-m/fpu\libc_nano.a(lib_a-memset.o)
 .ARM.attributes
                0x00000553       0x22 d:/truestudio for stm32 9.1.0/armtools/bin/../lib/gcc/arm-atollic-eabi/6.3.1/armv7e-m/fpu\libgcc.a(_aeabi_uldivmod.o)
 .ARM.attributes
                0x00000575       0x34 d:/truestudio for stm32 9.1.0/armtools/bin/../lib/gcc/arm-atollic-eabi/6.3.1/armv7e-m/fpu\libgcc.a(_udivmoddi4.o)
 .ARM.attributes
                0x000005a9       0x22 d:/truestudio for stm32 9.1.0/armtools/bin/../lib/gcc/arm-atollic-eabi/6.3.1/armv7e-m/fpu\libgcc.a(_dvmd_tls.o)
 .ARM.attributes
                0x000005cb       0x22 d:/truestudio for stm32 9.1.0/armtools/bin/../lib/gcc/arm-atollic-eabi/6.3.1/armv7e-m/fpu/crtn.o
OUTPUT(UART_RECEIVE_TEST.elf elf32-littlearm)

.debug_info     0x00000000     0xe019
 .debug_info    0x00000000      0x920 Drivers\STM32F4xx_HAL_Driver\Src\stm32f4xx_hal.o
 .debug_info    0x00000920      0xdd7 Drivers\STM32F4xx_HAL_Driver\Src\stm32f4xx_hal_cortex.o
 .debug_info    0x000016f7      0x913 Drivers\STM32F4xx_HAL_Driver\Src\stm32f4xx_hal_dma.o
 .debug_info    0x0000200a      0x763 Drivers\STM32F4xx_HAL_Driver\Src\stm32f4xx_hal_gpio.o
 .debug_info    0x0000276d      0x8a4 Drivers\STM32F4xx_HAL_Driver\Src\stm32f4xx_hal_rcc.o
 .debug_info    0x00003011     0x11d3 Drivers\STM32F4xx_HAL_Driver\Src\stm32f4xx_hal_uart.o
 .debug_info    0x000041e4     0x1aef Middlewares\Third_Party\FreeRTOS\Source\CMSIS_RTOS\cmsis_os.o
 .debug_info    0x00005cd3      0xac8 Middlewares\Third_Party\FreeRTOS\Source\list.o
 .debug_info    0x0000679b      0x536 Middlewares\Third_Party\FreeRTOS\Source\portable\GCC\ARM_CM4F\port.o
 .debug_info    0x00006cd1      0xbed Middlewares\Third_Party\FreeRTOS\Source\portable\MemMang\heap_4.o
 .debug_info    0x000078be     0x218f Middlewares\Third_Party\FreeRTOS\Source\tasks.o
 .debug_info    0x00009a4d      0x51a Src\dma.o
 .debug_info    0x00009f67      0x757 Src\freertos.o
 .debug_info    0x0000a6be      0x2f7 Src\gpio.o
 .debug_info    0x0000a9b5      0x932 Src\main.o
 .debug_info    0x0000b2e7      0x536 Src\stm32f4xx_hal_msp.o
 .debug_info    0x0000b81d      0x687 Src\stm32f4xx_it.o
 .debug_info    0x0000bea4      0x505 Src\system_stm32f4xx.o
 .debug_info    0x0000c3a9     0x10b5 Src\uartBsp.o
 .debug_info    0x0000d45e      0xb3c Src\usart.o
 .debug_info    0x0000df9a       0x7f startup\startup_stm32f407xx.o

.debug_abbrev   0x00000000     0x26c0
 .debug_abbrev  0x00000000      0x1c6 Drivers\STM32F4xx_HAL_Driver\Src\stm32f4xx_hal.o
 .debug_abbrev  0x000001c6      0x2f5 Drivers\STM32F4xx_HAL_Driver\Src\stm32f4xx_hal_cortex.o
 .debug_abbrev  0x000004bb      0x224 Drivers\STM32F4xx_HAL_Driver\Src\stm32f4xx_hal_dma.o
 .debug_abbrev  0x000006df      0x1c4 Drivers\STM32F4xx_HAL_Driver\Src\stm32f4xx_hal_gpio.o
 .debug_abbrev  0x000008a3      0x240 Drivers\STM32F4xx_HAL_Driver\Src\stm32f4xx_hal_rcc.o
 .debug_abbrev  0x00000ae3      0x23d Drivers\STM32F4xx_HAL_Driver\Src\stm32f4xx_hal_uart.o
 .debug_abbrev  0x00000d20      0x383 Middlewares\Third_Party\FreeRTOS\Source\CMSIS_RTOS\cmsis_os.o
 .debug_abbrev  0x000010a3      0x1cc Middlewares\Third_Party\FreeRTOS\Source\list.o
 .debug_abbrev  0x0000126f      0x20d Middlewares\Third_Party\FreeRTOS\Source\portable\GCC\ARM_CM4F\port.o
 .debug_abbrev  0x0000147c      0x29b Middlewares\Third_Party\FreeRTOS\Source\portable\MemMang\heap_4.o
 .debug_abbrev  0x00001717      0x333 Middlewares\Third_Party\FreeRTOS\Source\tasks.o
 .debug_abbrev  0x00001a4a      0x102 Src\dma.o
 .debug_abbrev  0x00001b4c      0x19f Src\freertos.o
 .debug_abbrev  0x00001ceb       0xe1 Src\gpio.o
 .debug_abbrev  0x00001dcc      0x192 Src\main.o
 .debug_abbrev  0x00001f5e      0x10d Src\stm32f4xx_hal_msp.o
 .debug_abbrev  0x0000206b      0x144 Src\stm32f4xx_it.o
 .debug_abbrev  0x000021af      0x10e Src\system_stm32f4xx.o
 .debug_abbrev  0x000022bd      0x243 Src\uartBsp.o
 .debug_abbrev  0x00002500      0x1ae Src\usart.o
 .debug_abbrev  0x000026ae       0x12 startup\startup_stm32f407xx.o

.debug_aranges  0x00000000      0xba8
 .debug_aranges
                0x00000000       0xf0 Drivers\STM32F4xx_HAL_Driver\Src\stm32f4xx_hal.o
 .debug_aranges
                0x000000f0      0x118 Drivers\STM32F4xx_HAL_Driver\Src\stm32f4xx_hal_cortex.o
 .debug_aranges
                0x00000208       0x90 Drivers\STM32F4xx_HAL_Driver\Src\stm32f4xx_hal_dma.o
 .debug_aranges
                0x00000298       0x58 Drivers\STM32F4xx_HAL_Driver\Src\stm32f4xx_hal_gpio.o
 .debug_aranges
                0x000002f0       0x88 Drivers\STM32F4xx_HAL_Driver\Src\stm32f4xx_hal_rcc.o
 .debug_aranges
                0x00000378      0x1d0 Drivers\STM32F4xx_HAL_Driver\Src\stm32f4xx_hal_uart.o
 .debug_aranges
                0x00000548      0x1d8 Middlewares\Third_Party\FreeRTOS\Source\CMSIS_RTOS\cmsis_os.o
 .debug_aranges
                0x00000720       0x40 Middlewares\Third_Party\FreeRTOS\Source\list.o
 .debug_aranges
                0x00000760       0x80 Middlewares\Third_Party\FreeRTOS\Source\portable\GCC\ARM_CM4F\port.o
 .debug_aranges
                0x000007e0       0x50 Middlewares\Third_Party\FreeRTOS\Source\portable\MemMang\heap_4.o
 .debug_aranges
                0x00000830      0x1a0 Middlewares\Third_Party\FreeRTOS\Source\tasks.o
 .debug_aranges
                0x000009d0       0x20 Src\dma.o
 .debug_aranges
                0x000009f0       0x28 Src\freertos.o
 .debug_aranges
                0x00000a18       0x20 Src\gpio.o
 .debug_aranges
                0x00000a38       0x30 Src\main.o
 .debug_aranges
                0x00000a68       0x20 Src\stm32f4xx_hal_msp.o
 .debug_aranges
                0x00000a88       0x68 Src\stm32f4xx_it.o
 .debug_aranges
                0x00000af0       0x28 Src\system_stm32f4xx.o
 .debug_aranges
                0x00000b18       0x38 Src\uartBsp.o
 .debug_aranges
                0x00000b50       0x30 Src\usart.o
 .debug_aranges
                0x00000b80       0x28 startup\startup_stm32f407xx.o

.debug_ranges   0x00000000      0xa60
 .debug_ranges  0x00000000       0xe0 Drivers\STM32F4xx_HAL_Driver\Src\stm32f4xx_hal.o
 .debug_ranges  0x000000e0      0x108 Drivers\STM32F4xx_HAL_Driver\Src\stm32f4xx_hal_cortex.o
 .debug_ranges  0x000001e8       0x80 Drivers\STM32F4xx_HAL_Driver\Src\stm32f4xx_hal_dma.o
 .debug_ranges  0x00000268       0x48 Drivers\STM32F4xx_HAL_Driver\Src\stm32f4xx_hal_gpio.o
 .debug_ranges  0x000002b0       0x78 Drivers\STM32F4xx_HAL_Driver\Src\stm32f4xx_hal_rcc.o
 .debug_ranges  0x00000328      0x1c0 Drivers\STM32F4xx_HAL_Driver\Src\stm32f4xx_hal_uart.o
 .debug_ranges  0x000004e8      0x1c8 Middlewares\Third_Party\FreeRTOS\Source\CMSIS_RTOS\cmsis_os.o
 .debug_ranges  0x000006b0       0x30 Middlewares\Third_Party\FreeRTOS\Source\list.o
 .debug_ranges  0x000006e0       0x70 Middlewares\Third_Party\FreeRTOS\Source\portable\GCC\ARM_CM4F\port.o
 .debug_ranges  0x00000750       0x40 Middlewares\Third_Party\FreeRTOS\Source\portable\MemMang\heap_4.o
 .debug_ranges  0x00000790      0x190 Middlewares\Third_Party\FreeRTOS\Source\tasks.o
 .debug_ranges  0x00000920       0x10 Src\dma.o
 .debug_ranges  0x00000930       0x18 Src\freertos.o
 .debug_ranges  0x00000948       0x10 Src\gpio.o
 .debug_ranges  0x00000958       0x20 Src\main.o
 .debug_ranges  0x00000978       0x10 Src\stm32f4xx_hal_msp.o
 .debug_ranges  0x00000988       0x58 Src\stm32f4xx_it.o
 .debug_ranges  0x000009e0       0x18 Src\system_stm32f4xx.o
 .debug_ranges  0x000009f8       0x28 Src\uartBsp.o
 .debug_ranges  0x00000a20       0x20 Src\usart.o
 .debug_ranges  0x00000a40       0x20 startup\startup_stm32f407xx.o

.debug_line     0x00000000     0x5427
 .debug_line    0x00000000      0x3e4 Drivers\STM32F4xx_HAL_Driver\Src\stm32f4xx_hal.o
 .debug_line    0x000003e4      0x508 Drivers\STM32F4xx_HAL_Driver\Src\stm32f4xx_hal_cortex.o
 .debug_line    0x000008ec      0x4ba Drivers\STM32F4xx_HAL_Driver\Src\stm32f4xx_hal_dma.o
 .debug_line    0x00000da6      0x3cb Drivers\STM32F4xx_HAL_Driver\Src\stm32f4xx_hal_gpio.o
 .debug_line    0x00001171      0x461 Drivers\STM32F4xx_HAL_Driver\Src\stm32f4xx_hal_rcc.o
 .debug_line    0x000015d2      0xafa Drivers\STM32F4xx_HAL_Driver\Src\stm32f4xx_hal_uart.o
 .debug_line    0x000020cc      0x8c6 Middlewares\Third_Party\FreeRTOS\Source\CMSIS_RTOS\cmsis_os.o
 .debug_line    0x00002992      0x2f2 Middlewares\Third_Party\FreeRTOS\Source\list.o
 .debug_line    0x00002c84      0x3a2 Middlewares\Third_Party\FreeRTOS\Source\portable\GCC\ARM_CM4F\port.o
 .debug_line    0x00003026      0x391 Middlewares\Third_Party\FreeRTOS\Source\portable\MemMang\heap_4.o
 .debug_line    0x000033b7      0xd35 Middlewares\Third_Party\FreeRTOS\Source\tasks.o
 .debug_line    0x000040ec      0x16a Src\dma.o
 .debug_line    0x00004256      0x2b3 Src\freertos.o
 .debug_line    0x00004509      0x167 Src\gpio.o
 .debug_line    0x00004670      0x252 Src\main.o
 .debug_line    0x000048c2      0x177 Src\stm32f4xx_hal_msp.o
 .debug_line    0x00004a39      0x29d Src\stm32f4xx_it.o
 .debug_line    0x00004cd6      0x1a1 Src\system_stm32f4xx.o
 .debug_line    0x00004e77      0x2e0 Src\uartBsp.o
 .debug_line    0x00005157      0x251 Src\usart.o
 .debug_line    0x000053a8       0x7f startup\startup_stm32f407xx.o

.debug_str      0x00000000     0x412b
 .debug_str     0x00000000      0xb0e Drivers\STM32F4xx_HAL_Driver\Src\stm32f4xx_hal.o
                                0xb77 (size before relaxing)
 .debug_str     0x00000b0e      0x4dd Drivers\STM32F4xx_HAL_Driver\Src\stm32f4xx_hal_cortex.o
                                0xc87 (size before relaxing)
 .debug_str     0x00000feb      0x534 Drivers\STM32F4xx_HAL_Driver\Src\stm32f4xx_hal_dma.o
                                0x7c7 (size before relaxing)
 .debug_str     0x0000151f      0x1de Drivers\STM32F4xx_HAL_Driver\Src\stm32f4xx_hal_gpio.o
                                0x54d (size before relaxing)
 .debug_str     0x000016fd      0x2e9 Drivers\STM32F4xx_HAL_Driver\Src\stm32f4xx_hal_rcc.o
                                0x6f9 (size before relaxing)
 .debug_str     0x000019e6      0x6e4 Drivers\STM32F4xx_HAL_Driver\Src\stm32f4xx_hal_uart.o
                                0xbfe (size before relaxing)
 .debug_str     0x000020ca      0xc97 Middlewares\Third_Party\FreeRTOS\Source\CMSIS_RTOS\cmsis_os.o
                                0xf80 (size before relaxing)
 .debug_str     0x00002d61      0x159 Middlewares\Third_Party\FreeRTOS\Source\list.o
                                0x75a (size before relaxing)
 .debug_str     0x00002eba      0x24c Middlewares\Third_Party\FreeRTOS\Source\portable\GCC\ARM_CM4F\port.o
                                0x47e (size before relaxing)
 .debug_str     0x00003106      0x1ff Middlewares\Third_Party\FreeRTOS\Source\portable\MemMang\heap_4.o
                                0x824 (size before relaxing)
 .debug_str     0x00003305      0xa20 Middlewares\Third_Party\FreeRTOS\Source\tasks.o
                               0x1204 (size before relaxing)
 .debug_str     0x00003d25       0x19 Src\dma.o
                                0x815 (size before relaxing)
 .debug_str     0x00003d3e       0xb4 Src\freertos.o
                                0x7de (size before relaxing)
 .debug_str     0x00003df2       0x1b Src\gpio.o
                                0x329 (size before relaxing)
 .debug_str     0x00003e0d       0x34 Src\main.o
                                0x89e (size before relaxing)
 .debug_str     0x00003e41       0x1b Src\stm32f4xx_hal_msp.o
                                0x823 (size before relaxing)
 .debug_str     0x00003e5c       0xcd Src\stm32f4xx_it.o
                                0x735 (size before relaxing)
 .debug_str     0x00003f29       0x45 Src\system_stm32f4xx.o
                                0x3b1 (size before relaxing)
 .debug_str     0x00003f6e      0x18f Src\uartBsp.o
                                0xc40 (size before relaxing)
 .debug_str     0x000040fd       0x2e Src\usart.o
                                0xd11 (size before relaxing)

.comment        0x00000000       0x7c
 .comment       0x00000000       0x7c Drivers\STM32F4xx_HAL_Driver\Src\stm32f4xx_hal.o
                                 0x7d (size before relaxing)
 .comment       0x0000007c       0x7d Drivers\STM32F4xx_HAL_Driver\Src\stm32f4xx_hal_cortex.o
 .comment       0x0000007c       0x7d Drivers\STM32F4xx_HAL_Driver\Src\stm32f4xx_hal_dma.o
 .comment       0x0000007c       0x7d Drivers\STM32F4xx_HAL_Driver\Src\stm32f4xx_hal_gpio.o
 .comment       0x0000007c       0x7d Drivers\STM32F4xx_HAL_Driver\Src\stm32f4xx_hal_rcc.o
 .comment       0x0000007c       0x7d Drivers\STM32F4xx_HAL_Driver\Src\stm32f4xx_hal_uart.o
 .comment       0x0000007c       0x7d Middlewares\Third_Party\FreeRTOS\Source\CMSIS_RTOS\cmsis_os.o
 .comment       0x0000007c       0x7d Middlewares\Third_Party\FreeRTOS\Source\list.o
 .comment       0x0000007c       0x7d Middlewares\Third_Party\FreeRTOS\Source\portable\GCC\ARM_CM4F\port.o
 .comment       0x0000007c       0x7d Middlewares\Third_Party\FreeRTOS\Source\portable\MemMang\heap_4.o
 .comment       0x0000007c       0x7d Middlewares\Third_Party\FreeRTOS\Source\tasks.o
 .comment       0x0000007c       0x7d Src\dma.o
 .comment       0x0000007c       0x7d Src\freertos.o
 .comment       0x0000007c       0x7d Src\gpio.o
 .comment       0x0000007c       0x7d Src\main.o
 .comment       0x0000007c       0x7d Src\stm32f4xx_hal_msp.o
 .comment       0x0000007c       0x7d Src\stm32f4xx_it.o
 .comment       0x0000007c       0x7d Src\system_stm32f4xx.o
 .comment       0x0000007c       0x7d Src\uartBsp.o
 .comment       0x0000007c       0x7d Src\usart.o

.debug_frame    0x00000000     0x2d0c
 .debug_frame   0x00000000      0x374 Drivers\STM32F4xx_HAL_Driver\Src\stm32f4xx_hal.o
 .debug_frame   0x00000374      0x498 Drivers\STM32F4xx_HAL_Driver\Src\stm32f4xx_hal_cortex.o
 .debug_frame   0x0000080c      0x250 Drivers\STM32F4xx_HAL_Driver\Src\stm32f4xx_hal_dma.o
 .debug_frame   0x00000a5c      0x14c Drivers\STM32F4xx_HAL_Driver\Src\stm32f4xx_hal_gpio.o
 .debug_frame   0x00000ba8      0x1f8 Drivers\STM32F4xx_HAL_Driver\Src\stm32f4xx_hal_rcc.o
 .debug_frame   0x00000da0      0x83c Drivers\STM32F4xx_HAL_Driver\Src\stm32f4xx_hal_uart.o
 .debug_frame   0x000015dc      0x808 Middlewares\Third_Party\FreeRTOS\Source\CMSIS_RTOS\cmsis_os.o
 .debug_frame   0x00001de4       0xd8 Middlewares\Third_Party\FreeRTOS\Source\list.o
 .debug_frame   0x00001ebc      0x1a8 Middlewares\Third_Party\FreeRTOS\Source\portable\GCC\ARM_CM4F\port.o
 .debug_frame   0x00002064      0x108 Middlewares\Third_Party\FreeRTOS\Source\portable\MemMang\heap_4.o
 .debug_frame   0x0000216c      0x704 Middlewares\Third_Party\FreeRTOS\Source\tasks.o
 .debug_frame   0x00002870       0x34 Src\dma.o
 .debug_frame   0x000028a4       0x58 Src\freertos.o
 .debug_frame   0x000028fc       0x38 Src\gpio.o
 .debug_frame   0x00002934       0x70 Src\main.o
 .debug_frame   0x000029a4       0x34 Src\stm32f4xx_hal_msp.o
 .debug_frame   0x000029d8      0x120 Src\stm32f4xx_it.o
 .debug_frame   0x00002af8       0x58 Src\system_stm32f4xx.o
 .debug_frame   0x00002b50       0x9c Src\uartBsp.o
 .debug_frame   0x00002bec       0x74 Src\usart.o
 .debug_frame   0x00002c60       0x2c d:/truestudio for stm32 9.1.0/armtools/bin/../lib/gcc/arm-atollic-eabi/6.3.1/../../../../arm-atollic-eabi/lib/armv7e-m/fpu\libc_nano.a(lib_a-init.o)
 .debug_frame   0x00002c8c       0x20 d:/truestudio for stm32 9.1.0/armtools/bin/../lib/gcc/arm-atollic-eabi/6.3.1/../../../../arm-atollic-eabi/lib/armv7e-m/fpu\libc_nano.a(lib_a-memset.o)
 .debug_frame   0x00002cac       0x2c d:/truestudio for stm32 9.1.0/armtools/bin/../lib/gcc/arm-atollic-eabi/6.3.1/armv7e-m/fpu\libgcc.a(_aeabi_uldivmod.o)
 .debug_frame   0x00002cd8       0x34 d:/truestudio for stm32 9.1.0/armtools/bin/../lib/gcc/arm-atollic-eabi/6.3.1/armv7e-m/fpu\libgcc.a(_udivmoddi4.o)
